▲ Next.js 16.2.1 (Turbopack)
- Environments: .env

  Creating an optimized production build ...
✓ Compiled successfully in 13.1s
  Running TypeScript ...
  Finished TypeScript in 13.6s ...
  Collecting page data using 7 workers ...
  Generating static pages using 7 workers (0/11) ...
  Generating static pages using 7 workers (2/11) 
  Generating static pages using 7 workers (5/11) 
  Generating static pages using 7 workers (8/11) 
✓ Generating static pages using 7 workers (11/11) in 1148ms
  Finalizing page optimization ...

Route (app)
┌ ○ /
├ ○ /_not-found
├ ƒ /api/admin/users
├ ○ /customers
├ ƒ /customers/[id]
├ ○ /expenses
├ ○ /login
├ ○ /reports
├ ○ /settings
├ ○ /technicians
├ ƒ /technicians/[id]
├ ○ /tickets
└ ƒ /tickets/[id]


ƒ Proxy (Middleware)

○  (Static)   prerendered as static content
ƒ  (Dynamic)  server-rendered on demand

