src/lib/exportExcel.ts(1,23): error TS2307: Cannot find module 'xlsx' or its corresponding type declarations.
